MPLINK 4.42, Linker
Linker Map File - Created Sun Oct 28 12:32:14 2012

                                 Section Info
                  Section       Type    Address   Location Size(Bytes)
                ---------  ---------  ---------  ---------  ---------
                   .org_0       code   0x000000    program   0x000000
                   .org_1       code   0x000000    program   0x000002
                   .org_2       code   0x000004    program   0x000002
                   .org_3       code   0x000008    program   0x000024
         .config_2007_C.O       code   0x002007    program   0x000002



                              Program Memory Usage 
                               Start         End      
                           ---------   ---------      
                            0x000000    0x000000      
                            0x000004    0x000004      
                            0x000008    0x000019      
                            0x002007    0x002007      
            21 out of 1094 program addresses used, program memory utilization is 1%



                              Symbols - Sorted by Name
                     Name    Address   Location    Storage File                     
                ---------  ---------  ---------  --------- ---------                
                     init   0x000008    program     static D:\CWRU\2012Fall_EECS337\EECS337\dls148\hw08\c.asm
                    inter   0x000004    program     static D:\CWRU\2012Fall_EECS337\EECS337\dls148\hw08\c.asm
                   label1   0x000016    program     static D:\CWRU\2012Fall_EECS337\EECS337\dls148\hw08\c.asm
                   label2   0x000017    program     static D:\CWRU\2012Fall_EECS337\EECS337\dls148\hw08\c.asm
                     main   0x00000f    program     static D:\CWRU\2012Fall_EECS337\EECS337\dls148\hw08\c.asm
                    mloop   0x00000c    program     static D:\CWRU\2012Fall_EECS337\EECS337\dls148\hw08\c.asm
                   printf   0x000018    program     static D:\CWRU\2012Fall_EECS337\EECS337\dls148\hw08\c.asm
                    reset   0x000000    program     static D:\CWRU\2012Fall_EECS337\EECS337\dls148\hw08\c.asm



                              Symbols - Sorted by Address
                     Name    Address   Location    Storage File                     
                ---------  ---------  ---------  --------- ---------                
                    reset   0x000000    program     static D:\CWRU\2012Fall_EECS337\EECS337\dls148\hw08\c.asm
                    inter   0x000004    program     static D:\CWRU\2012Fall_EECS337\EECS337\dls148\hw08\c.asm
                     init   0x000008    program     static D:\CWRU\2012Fall_EECS337\EECS337\dls148\hw08\c.asm
                    mloop   0x00000c    program     static D:\CWRU\2012Fall_EECS337\EECS337\dls148\hw08\c.asm
                     main   0x00000f    program     static D:\CWRU\2012Fall_EECS337\EECS337\dls148\hw08\c.asm
                   label1   0x000016    program     static D:\CWRU\2012Fall_EECS337\EECS337\dls148\hw08\c.asm
                   label2   0x000017    program     static D:\CWRU\2012Fall_EECS337\EECS337\dls148\hw08\c.asm
                   printf   0x000018    program     static D:\CWRU\2012Fall_EECS337\EECS337\dls148\hw08\c.asm


